{
 "doors": {
  "platform": "Linux-6.8.0-136-generic-x86_64-with-glibc2.39",
  "machine": "x86_64",
  "euid": 0,
  "seccomp_mode": "2",
  "no_new_privs": "0",
  "cap_bnd": "00000000a80425fb",
  "unshare_Urn": [
   1,
   "unshare: unshare failed: Operation not permitted"
  ],
  "bwrap_unshare_all": [
   1,
   "bwrap: No permissions to create new namespace, likely because the kernel does not allow non-privileged user namespaces. See <https://deb.li/bubblewrap> or <file:///usr/share/doc/bubblewrap/README.Debian.gz>."
  ],
  "bwrap_user_uid": [
   1,
   "bwrap: No permissions to create new namespace, likely because the kernel does not allow non-privileged user namespaces. See <https://deb.li/bubblewrap> or <file:///usr/share/doc/bubblewrap/README.Debian.gz>."
  ]
 },
 "hardened": [
  "/workspace/hf",
  "/workspace/hf/token"
 ],
 "secret_files_tested": [
  "/workspace/hf/token"
 ],
 "select": {
  "backend": "seccomp_uid",
  "candidates": [
   "seccomp_uid",
   "bwrap"
  ],
  "tried": {
   "seccomp_uid": {
    "ok": true,
    "canaries": {
     "network_connect_fails": true,
     "parent_level_file_unreadable": true,
     "secrets_absent": true,
     "disk_secrets_unreadable": true,
     "fork_bomb_hits_limit": true,
     "overtime_is_killed": true,
     "episode_dir_writable": true,
     "imports_available": true,
     "trivial_test_green": true,
     "no_survivors": true
    },
    "detail": {
     "network_connect_fails": "blocked: [Errno 1] Operation not permitted",
     "parent_level_file_unreadable": "blocked: [Errno 13] Permission denied: '/tmp/.arm_a_canary_root_only'",
     "secrets_absent": "[]",
     "disk_secrets_unreadable": "{\"readable\": [], \"listable\": [], \"blocked\": [[\"/workspace/hf/.arm_a_canary_token\", 13], [\"/workspace/hf/token\", 13]], \"missing\": []}",
     "fork_bomb_hits_limit": "limit at 63 [Errno 11] Resource temporarily unavailable",
     "overtime_is_killed": "error: timed out",
     "episode_dir_writable": "wrote /tmp/arm_a_canary_370dpchq/canary_write.txt tmpdir /tmp/arm_a_canary_370dpchq",
     "imports_available": "missing: []",
     "trivial_test_green": ".                                                                        [100%]\n1 passed in 0.00s",
     "no_survivors": "daemon started\n\nheartbeat mtime 1790290631.4987707 -> 1790290631.4987707"
    }
   }
  },
  "ok": true,
  "bpf_selftest": true,
  "landlock_abi": 4,
  "uid": 61000,
  "euid": 0,
  "platform": "Linux-6.8.0-136-generic-x86_64-with-glibc2.39",
  "canaries": "10/10"
 }
}

seccomp_mode=2 euid=0 unshare_Urn_rc=1 bwrap_rc=1 landlock_abi=4 candidates=['seccomp_uid', 'bwrap']
  seccomp_uid: PASS canaries={'network_connect_fails': True, 'parent_level_file_unreadable': True, 'secrets_absent': True, 'disk_secrets_unreadable': True, 'fork_bomb_hits_limit': True, 'overtime_is_killed': True, 'episode_dir_writable': True, 'imports_available': True, 'trivial_test_green': True, 'no_survivors': True}
disk-secret canary tested: ['/workspace/hf/token'] + synthetic token under /workspace/hf
ISOLATION PROBE: OK backend=seccomp_uid canaries=10/10
