{
 "doors": {
  "platform": "Linux-6.8.0-124-generic-x86_64-with-glibc2.35",
  "machine": "x86_64",
  "euid": 0,
  "seccomp_mode": "2",
  "no_new_privs": "0",
  "cap_bnd": "00000000a80425fb",
  "unshare_Urn": [
   1,
   "unshare: unshare failed: Operation not permitted"
  ],
  "bwrap_unshare_all": [
   1,
   "bwrap: No permissions to create new namespace, likely because the kernel does not allow non-privileged user namespaces. See <https://deb.li/bubblewrap> or <file:///usr/share/doc/bubblewrap/README.Debian.gz>."
  ],
  "bwrap_user_uid": [
   1,
   "bwrap: No permissions to create new namespace, likely because the kernel does not allow non-privileged user namespaces. See <https://deb.li/bubblewrap> or <file:///usr/share/doc/bubblewrap/README.Debian.gz>."
  ]
 },
 "select": {
  "backend": "seccomp_uid",
  "candidates": [
   "seccomp_uid",
   "bwrap"
  ],
  "tried": {
   "seccomp_uid": {
    "ok": true,
    "canaries": {
     "network_connect_fails": true,
     "parent_level_file_unreadable": true,
     "secrets_absent": true,
     "fork_bomb_hits_limit": true,
     "overtime_is_killed": true,
     "episode_dir_writable": true,
     "imports_available": true,
     "trivial_test_green": true,
     "no_survivors": true
    },
    "detail": {
     "network_connect_fails": "blocked: [Errno 1] Operation not permitted",
     "parent_level_file_unreadable": "blocked: [Errno 13] Permission denied: '/tmp/.arm_a_canary_root_only'",
     "secrets_absent": "[]",
     "fork_bomb_hits_limit": "limit at 63 [Errno 11] Resource temporarily unavailable",
     "overtime_is_killed": "error: timed out",
     "episode_dir_writable": "wrote /tmp/arm_a_canary_kki3_a2u/canary_write.txt tmpdir /tmp/arm_a_canary_kki3_a2u",
     "imports_available": "missing: []",
     "trivial_test_green": ".                                                                        [100%]\n1 passed in 0.00s",
     "no_survivors": "daemon started\n\nheartbeat mtime 1789673753.4461565 -> 1789673753.4461565"
    }
   }
  },
  "ok": true,
  "bpf_selftest": true,
  "uid": 61000,
  "euid": 0,
  "platform": "Linux-6.8.0-124-generic-x86_64-with-glibc2.35",
  "canaries": "9/9"
 }
}

seccomp_mode=2 euid=0 unshare_Urn_rc=1 bwrap_rc=1 candidates=['seccomp_uid', 'bwrap']
  seccomp_uid: PASS canaries={'network_connect_fails': True, 'parent_level_file_unreadable': True, 'secrets_absent': True, 'fork_bomb_hits_limit': True, 'overtime_is_killed': True, 'episode_dir_writable': True, 'imports_available': True, 'trivial_test_green': True, 'no_survivors': True}
ISOLATION PROBE: OK backend=seccomp_uid canaries=9/9
